// Jest Snapshot v1, https://goo.gl/fbAQLP

exports[`recommended rules 1`] = `
Array [
  "avoid-leaking-state-in-components",
  "closure-actions",
  "jquery-ember-run",
  "new-module-imports",
  "no-attrs-in-components",
  "no-attrs-snapshot",
  "no-capital-letters-in-routes",
  "no-duplicate-dependent-keys",
  "no-function-prototype-extensions",
  "no-global-jquery",
  "no-old-shims",
  "no-on-calls-in-components",
  "no-side-effects",
  "order-in-components",
  "order-in-controllers",
  "order-in-models",
  "order-in-routes",
  "require-super-in-init",
  "routes-segments-snake-case",
  "use-brace-expansion",
]
`;
